oled.c:20:6:IIC_Start	8	static
oled.c:31:6:IIC_Stop	8	static
oled.c:38:6:IIC_Wait_Ack	8	static
oled.c:47:6:Write_IIC_Byte	24	static
oled.c:71:6:Write_IIC_Command	16	static
oled.c:85:6:Write_IIC_Data	16	static
oled.c:96:6:OLED_WR_Byte	16	static
oled.c:112:6:fill_picture	24	static
oled.c:128:6:OLED_Set_Pos	16	static
oled.c:135:6:OLED_Display_On	8	static
oled.c:142:6:OLED_Display_Off	8	static
oled.c:149:6:OLED_Clear	16	static
oled.c:161:6:OLED_On	16	static
oled.c:177:6:OLED_ShowChar	32	static
oled.c:199:10:oled_pow	24	static
oled.c:211:6:OLED_ShowNum	24	static
oled.c:231:6:OLED_ShowString	24	static
oled.c:246:6:OLED_ShowCHinese	24	static
oled.c:263:6:OLED_DrawBMP	32	static
oled.c:281:6:OLED_Init	8	static
oled.c:323:6:OLED_DrawLogo	16	static
oled.c:328:6:OLED_ShowKE1	16	static
oled.c:342:6:OLED_ShowT_H	72	static
oled.c:357:6:OLED_ShowVoltage	48	static
oled.c:373:6:OLED_ShowS_L	56	static
oled.c:390:6:OLED_ShowInRegister	24	static
oled.c:406:6:OLED_ShowRegisterOK	16	static
oled.c:423:6:OLED_Show_UP_Flag	16	static
oled.c:434:6:OLED_Show_Note	48	static
oled.c:449:6:OLED_Show_MyBilibili	16	static
oled.c:459:6:OLED_Show_Distance	56	static
