Archive member included to satisfy reference by file (symbol)

e:/st/stm32cubeide_1.6.0/stm32cubeide/plugins/com.st.stm32cube.ide.mcu.externaltools.gnu-tools-for-stm32.9-2020-q2-update.win32_1.5.0.202011040924/tools/bin/../lib/gcc/arm-none-eabi/9.3.1/../../../../arm-none-eabi/lib/thumb/v7e-m+fp/hard\libc_nano.a(lib_a-errno.o)
                              Core/Src/syscalls.o (__errno)
e:/st/stm32cubeide_1.6.0/stm32cubeide/plugins/com.st.stm32cube.ide.mcu.externaltools.gnu-tools-for-stm32.9-2020-q2-update.win32_1.5.0.202011040924/tools/bin/../lib/gcc/arm-none-eabi/9.3.1/../../../../arm-none-eabi/lib/thumb/v7e-m+fp/hard\libc_nano.a(lib_a-exit.o)
                              e:/st/stm32cubeide_1.6.0/stm32cubeide/plugins/com.st.stm32cube.ide.mcu.externaltools.gnu-tools-for-stm32.9-2020-q2-update.win32_1.5.0.202011040924/tools/bin/../lib/gcc/arm-none-eabi/9.3.1/../../../../arm-none-eabi/lib/thumb/v7e-m+fp/hard/crt0.o (exit)
e:/st/stm32cubeide_1.6.0/stm32cubeide/plugins/com.st.stm32cube.ide.mcu.externaltools.gnu-tools-for-stm32.9-2020-q2-update.win32_1.5.0.202011040924/tools/bin/../lib/gcc/arm-none-eabi/9.3.1/../../../../arm-none-eabi/lib/thumb/v7e-m+fp/hard\libc_nano.a(lib_a-impure.o)
                              e:/st/stm32cubeide_1.6.0/stm32cubeide/plugins/com.st.stm32cube.ide.mcu.externaltools.gnu-tools-for-stm32.9-2020-q2-update.win32_1.5.0.202011040924/tools/bin/../lib/gcc/arm-none-eabi/9.3.1/../../../../arm-none-eabi/lib/thumb/v7e-m+fp/hard\libc_nano.a(lib_a-exit.o) (_global_impure_ptr)
e:/st/stm32cubeide_1.6.0/stm32cubeide/plugins/com.st.stm32cube.ide.mcu.externaltools.gnu-tools-for-stm32.9-2020-q2-update.win32_1.5.0.202011040924/tools/bin/../lib/gcc/arm-none-eabi/9.3.1/../../../../arm-none-eabi/lib/thumb/v7e-m+fp/hard\libc_nano.a(lib_a-init.o)
                              e:/st/stm32cubeide_1.6.0/stm32cubeide/plugins/com.st.stm32cube.ide.mcu.externaltools.gnu-tools-for-stm32.9-2020-q2-update.win32_1.5.0.202011040924/tools/bin/../lib/gcc/arm-none-eabi/9.3.1/../../../../arm-none-eabi/lib/thumb/v7e-m+fp/hard/crt0.o (__libc_init_array)
e:/st/stm32cubeide_1.6.0/stm32cubeide/plugins/com.st.stm32cube.ide.mcu.externaltools.gnu-tools-for-stm32.9-2020-q2-update.win32_1.5.0.202011040924/tools/bin/../lib/gcc/arm-none-eabi/9.3.1/../../../../arm-none-eabi/lib/thumb/v7e-m+fp/hard\libc_nano.a(lib_a-memset.o)
                              e:/st/stm32cubeide_1.6.0/stm32cubeide/plugins/com.st.stm32cube.ide.mcu.externaltools.gnu-tools-for-stm32.9-2020-q2-update.win32_1.5.0.202011040924/tools/bin/../lib/gcc/arm-none-eabi/9.3.1/../../../../arm-none-eabi/lib/thumb/v7e-m+fp/hard/crt0.o (memset)
e:/st/stm32cubeide_1.6.0/stm32cubeide/plugins/com.st.stm32cube.ide.mcu.externaltools.gnu-tools-for-stm32.9-2020-q2-update.win32_1.5.0.202011040924/tools/bin/../lib/gcc/arm-none-eabi/9.3.1/thumb/v7e-m+fp/hard\libgcc.a(_arm_muldf3.o)
                              Core/Src/gpio.o (__aeabi_dmul)
e:/st/stm32cubeide_1.6.0/stm32cubeide/plugins/com.st.stm32cube.ide.mcu.externaltools.gnu-tools-for-stm32.9-2020-q2-update.win32_1.5.0.202011040924/tools/bin/../lib/gcc/arm-none-eabi/9.3.1/thumb/v7e-m+fp/hard\libgcc.a(_arm_addsubdf3.o)
                              Core/Src/gpio.o (__aeabi_i2d)
e:/st/stm32cubeide_1.6.0/stm32cubeide/plugins/com.st.stm32cube.ide.mcu.externaltools.gnu-tools-for-stm32.9-2020-q2-update.win32_1.5.0.202011040924/tools/bin/../lib/gcc/arm-none-eabi/9.3.1/thumb/v7e-m+fp/hard\libgcc.a(_arm_muldivdf3.o)
                              Core/Src/gpio.o (__aeabi_ddiv)
e:/st/stm32cubeide_1.6.0/stm32cubeide/plugins/com.st.stm32cube.ide.mcu.externaltools.gnu-tools-for-stm32.9-2020-q2-update.win32_1.5.0.202011040924/tools/bin/../lib/gcc/arm-none-eabi/9.3.1/thumb/v7e-m+fp/hard\libgcc.a(_arm_fixdfsi.o)
                              Core/Src/gpio.o (__aeabi_d2iz)

Allocating common symbols
Common symbol       size              file

uwTick              0x4               Drivers/STM32L4xx_HAL_Driver/Src/stm32l4xx_hal.o

Discarded input sections

 .text          0x0000000000000000        0x0 e:/st/stm32cubeide_1.6.0/stm32cubeide/plugins/com.st.stm32cube.ide.mcu.externaltools.gnu-tools-for-stm32.9-2020-q2-update.win32_1.5.0.202011040924/tools/bin/../lib/gcc/arm-none-eabi/9.3.1/thumb/v7e-m+fp/hard/crti.o
 .data          0x0000000000000000        0x0 e:/st/stm32cubeide_1.6.0/stm32cubeide/plugins/com.st.stm32cube.ide.mcu.externaltools.gnu-tools-for-stm32.9-2020-q2-update.win32_1.5.0.202011040924/tools/bin/../lib/gcc/arm-none-eabi/9.3.1/thumb/v7e-m+fp/hard/crti.o
 .bss           0x0000000000000000        0x0 e:/st/stm32cubeide_1.6.0/stm32cubeide/plugins/com.st.stm32cube.ide.mcu.externaltools.gnu-tools-for-stm32.9-2020-q2-update.win32_1.5.0.202011040924/tools/bin/../lib/gcc/arm-none-eabi/9.3.1/thumb/v7e-m+fp/hard/crti.o
[...]
Memory Configuration

Name             Origin             Length             Attributes
RAM              0x0000000020000000 0x0000000000010000 xrw
FLASH            0x0000000008000000 0x0000000000020000 xr
*default*        0x0000000000000000 0xffffffffffffffff

Linker script and memory map

LOAD e:/st/stm32cubeide_1.6.0/stm32cubeide/plugins/com.st.stm32cube.ide.mcu.externaltools.gnu-tools-for-stm32.9-2020-q2-update.win32_1.5.0.202011040924/tools/bin/../lib/gcc/arm-none-eabi/9.3.1/thumb/v7e-m+fp/hard/crti.o
LOAD e:/st/stm32cubeide_1.6.0/stm32cubeide/plugins/com.st.stm32cube.ide.mcu.externaltools.gnu-tools-for-stm32.9-2020-q2-update.win32_1.5.0.202011040924/tools/bin/../lib/gcc/arm-none-eabi/9.3.1/thumb/v7e-m+fp/hard/crtbegin.o
LOAD e:/st/stm32cubeide_1.6.0/stm32cubeide/plugins/com.st.stm32cube.ide.mcu.externaltools.gnu-tools-for-stm32.9-2020-q2-update.win32_1.5.0.202011040924/tools/bin/../lib/gcc/arm-none-eabi/9.3.1/../../../../arm-none-eabi/lib/thumb/v7e-m+fp/hard/crt0.o
LOAD Core/Src/gpio.o
LOAD Core/Src/main.o
LOAD Core/Src/stm32l4xx_hal_msp.o
LOAD Core/Src/stm32l4xx_it.o
LOAD Core/Src/syscalls.o
LOAD Core/Src/sysmem.o
LOAD Core/Src/system_stm32l4xx.o
LOAD Core/Startup/startup_stm32l433cbtx.o
LOAD Drivers/STM32L4xx_HAL_Driver/Src/stm32l4xx_hal.o
LOAD Drivers/STM32L4xx_HAL_Driver/Src/stm32l4xx_hal_cortex.o
LOAD Drivers/STM32L4xx_HAL_Driver/Src/stm32l4xx_hal_dma.o
LOAD Drivers/STM32L4xx_HAL_Driver/Src/stm32l4xx_hal_dma_ex.o
LOAD Drivers/STM32L4xx_HAL_Driver/Src/stm32l4xx_hal_exti.o
LOAD Drivers/STM32L4xx_HAL_Driver/Src/stm32l4xx_hal_flash.o
LOAD Drivers/STM32L4xx_HAL_Driver/Src/stm32l4xx_hal_flash_ex.o
LOAD Drivers/STM32L4xx_HAL_Driver/Src/stm32l4xx_hal_flash_ramfunc.o
LOAD Drivers/STM32L4xx_HAL_Driver/Src/stm32l4xx_hal_gpio.o
LOAD Drivers/STM32L4xx_HAL_Driver/Src/stm32l4xx_hal_i2c.o
LOAD Drivers/STM32L4xx_HAL_Driver/Src/stm32l4xx_hal_i2c_ex.o
LOAD Drivers/STM32L4xx_HAL_Driver/Src/stm32l4xx_hal_pwr.o
LOAD Drivers/STM32L4xx_HAL_Driver/Src/stm32l4xx_hal_pwr_ex.o
LOAD Drivers/STM32L4xx_HAL_Driver/Src/stm32l4xx_hal_rcc.o
LOAD Drivers/STM32L4xx_HAL_Driver/Src/stm32l4xx_hal_rcc_ex.o
LOAD Drivers/STM32L4xx_HAL_Driver/Src/stm32l4xx_hal_tim.o
LOAD Drivers/STM32L4xx_HAL_Driver/Src/stm32l4xx_hal_tim_ex.o
START GROUP
LOAD e:/st/stm32cubeide_1.6.0/stm32cubeide/plugins/com.st.stm32cube.ide.mcu.externaltools.gnu-tools-for-stm32.9-2020-q2-update.win32_1.5.0.202011040924/tools/bin/../lib/gcc/arm-none-eabi/9.3.1/../../../../arm-none-eabi/lib/thumb/v7e-m+fp/hard\libc_nano.a
LOAD e:/st/stm32cubeide_1.6.0/stm32cubeide/plugins/com.st.stm32cube.ide.mcu.externaltools.gnu-tools-for-stm32.9-2020-q2-update.win32_1.5.0.202011040924/tools/bin/../lib/gcc/arm-none-eabi/9.3.1/../../../../arm-none-eabi/lib/thumb/v7e-m+fp/hard\libm.a
END GROUP
START GROUP
LOAD e:/st/stm32cubeide_1.6.0/stm32cubeide/plugins/com.st.stm32cube.ide.mcu.externaltools.gnu-tools-for-stm32.9-2020-q2-update.win32_1.5.0.202011040924/tools/bin/../lib/gcc/arm-none-eabi/9.3.1/thumb/v7e-m+fp/hard\libgcc.a
LOAD e:/st/stm32cubeide_1.6.0/stm32cubeide/plugins/com.st.stm32cube.ide.mcu.externaltools.gnu-tools-for-stm32.9-2020-q2-update.win32_1.5.0.202011040924/tools/bin/../lib/gcc/arm-none-eabi/9.3.1/../../../../arm-none-eabi/lib/thumb/v7e-m+fp/hard\libc_nano.a
END GROUP
START GROUP
LOAD e:/st/stm32cubeide_1.6.0/stm32cubeide/plugins/com.st.stm32cube.ide.mcu.externaltools.gnu-tools-for-stm32.9-2020-q2-update.win32_1.5.0.202011040924/tools/bin/../lib/gcc/arm-none-eabi/9.3.1/thumb/v7e-m+fp/hard\libgcc.a
LOAD e:/st/stm32cubeide_1.6.0/stm32cubeide/plugins/com.st.stm32cube.ide.mcu.externaltools.gnu-tools-for-stm32.9-2020-q2-update.win32_1.5.0.202011040924/tools/bin/../lib/gcc/arm-none-eabi/9.3.1/../../../../arm-none-eabi/lib/thumb/v7e-m+fp/hard\libc_nano.a
LOAD e:/st/stm32cubeide_1.6.0/stm32cubeide/plugins/com.st.stm32cube.ide.mcu.externaltools.gnu-tools-for-stm32.9-2020-q2-update.win32_1.5.0.202011040924/tools/bin/../lib/gcc/arm-none-eabi/9.3.1/../../../../arm-none-eabi/lib/thumb/v7e-m+fp/hard\libnosys.a
END GROUP
START GROUP
LOAD e:/st/stm32cubeide_1.6.0/stm32cubeide/plugins/com.st.stm32cube.ide.mcu.externaltools.gnu-tools-for-stm32.9-2020-q2-update.win32_1.5.0.202011040924/tools/bin/../lib/gcc/arm-none-eabi/9.3.1/thumb/v7e-m+fp/hard\libgcc.a
LOAD e:/st/stm32cubeide_1.6.0/stm32cubeide/plugins/com.st.stm32cube.ide.mcu.externaltools.gnu-tools-for-stm32.9-2020-q2-update.win32_1.5.0.202011040924/tools/bin/../lib/gcc/arm-none-eabi/9.3.1/../../../../arm-none-eabi/lib/thumb/v7e-m+fp/hard\libc_nano.a
LOAD e:/st/stm32cubeide_1.6.0/stm32cubeide/plugins/com.st.stm32cube.ide.mcu.externaltools.gnu-tools-for-stm32.9-2020-q2-update.win32_1.5.0.202011040924/tools/bin/../lib/gcc/arm-none-eabi/9.3.1/../../../../arm-none-eabi/lib/thumb/v7e-m+fp/hard\libnosys.a
END GROUP
LOAD e:/st/stm32cubeide_1.6.0/stm32cubeide/plugins/com.st.stm32cube.ide.mcu.externaltools.gnu-tools-for-stm32.9-2020-q2-update.win32_1.5.0.202011040924/tools/bin/../lib/gcc/arm-none-eabi/9.3.1/thumb/v7e-m+fp/hard/crtend.o
LOAD e:/st/stm32cubeide_1.6.0/stm32cubeide/plugins/com.st.stm32cube.ide.mcu.externaltools.gnu-tools-for-stm32.9-2020-q2-update.win32_1.5.0.202011040924/tools/bin/../lib/gcc/arm-none-eabi/9.3.1/thumb/v7e-m+fp/hard/crtn.o
                0x0000000020010000                _estack = (ORIGIN (RAM) + LENGTH (RAM))
                0x0000000000000200                _Min_Heap_Size = 0x200
                0x0000000000000400                _Min_Stack_Size = 0x400

.isr_vector     0x0000000008000000      0x18c
                0x0000000008000000                . = ALIGN (0x4)
 *(.isr_vector)
 .isr_vector    0x0000000008000000      0x18c Core/Startup/startup_stm32l433cbtx.o
                0x0000000008000000                g_pfnVectors
                0x000000000800018c                . = ALIGN (0x4)

.text           0x000000000800018c     0x22b4
                0x000000000800018c                . = ALIGN (0x4)
 *(.text)
 .text          0x000000000800018c       0x40 e:/st/stm32cubeide_1.6.0/stm32cubeide/plugins/com.st.stm32cube.ide.mcu.externaltools.gnu-tools-for-stm32.9-2020-q2-update.win32_1.5.0.202011040924/tools/bin/../lib/gcc/arm-none-eabi/9.3.1/thumb/v7e-m+fp/hard/crtbegin.o
 .text          0x00000000080001cc      0x378 e:/st/stm32cubeide_1.6.0/stm32cubeide/plugins/com.st.stm32cube.ide.mcu.externaltools.gnu-tools-for-stm32.9-2020-q2-update.win32_1.5.0.202011040924/tools/bin/../lib/gcc/arm-none-eabi/9.3.1/thumb/v7e-m+fp/hard\libgcc.a(_arm_addsubdf3.o)
                0x00000000080001cc                __aeabi_drsub
                0x00000000080001d4                __aeabi_dsub
                0x00000000080001d4                __subdf3
                0x00000000080001d8                __aeabi_dadd
                0x00000000080001d8                __adddf3
                0x0000000008000450                __floatunsidf
                0x0000000008000450                __aeabi_ui2d
                0x0000000008000470                __floatsidf
                0x0000000008000470                __aeabi_i2d
                0x0000000008000494                __aeabi_f2d
                0x0000000008000494                __extendsfdf2
                0x00000000080004d8                __floatundidf
                0x00000000080004d8                __aeabi_ul2d
                0x00000000080004e8                __floatdidf
                0x00000000080004e8                __aeabi_l2d
 .text          0x0000000008000544      0x424 e:/st/stm32cubeide_1.6.0/stm32cubeide/plugins/com.st.stm32cube.ide.mcu.externaltools.gnu-tools-for-stm32.9-2020-q2-update.win32_1.5.0.202011040924/tools/bin/../lib/gcc/arm-none-eabi/9.3.1/thumb/v7e-m+fp/hard\libgcc.a(_arm_muldivdf3.o)
                0x0000000008000544                __aeabi_dmul
                0x0000000008000544                __muldf3
                0x0000000008000798                __divdf3
                0x0000000008000798                __aeabi_ddiv
 .text          0x0000000008000968       0x50 e:/st/stm32cubeide_1.6.0/stm32cubeide/plugins/com.st.stm32cube.ide.mcu.externaltools.gnu-tools-for-stm32.9-2020-q2-update.win32_1.5.0.202011040924/tools/bin/../lib/gcc/arm-none-eabi/9.3.1/thumb/v7e-m+fp/hard\libgcc.a(_arm_fixdfsi.o)
                0x0000000008000968                __aeabi_d2iz
                0x0000000008000968                __fixdfsi
 *(.text*)
 .text.MX_GPIO_Init
                0x00000000080009b8      0x138 Core/Src/gpio.o
                0x00000000080009b8                MX_GPIO_Init
 .text.MOTOR_CONTROL
                0x0000000008000af0      0x238 Core/Src/gpio.o
                0x0000000008000af0                MOTOR_CONTROL
 .text.Step_Motor_Start
                0x0000000008000d28       0x7c Core/Src/gpio.o
                0x0000000008000d28                Step_Motor_Start
 .text.Step_Motor_Stop
                0x0000000008000da4       0x40 Core/Src/gpio.o
                0x0000000008000da4                Step_Motor_Stop
 .text.HAL_GPIO_EXTI_Callback
                0x0000000008000de4       0x38 Core/Src/gpio.o
                0x0000000008000de4                HAL_GPIO_EXTI_Callback
 .text.main     0x0000000008000e1c       0x1e Core/Src/main.o
                0x0000000008000e1c                main
 .text.SystemClock_Config
                0x0000000008000e3a       0x9e Core/Src/main.o
                0x0000000008000e3a                SystemClock_Config
 .text.Error_Handler
                0x0000000008000ed8        0xa Core/Src/main.o
                0x0000000008000ed8                Error_Handler
 *fill*         0x0000000008000ee2        0x2 
 .text.HAL_MspInit
                0x0000000008000ee4       0x48 Core/Src/stm32l4xx_hal_msp.o
                0x0000000008000ee4                HAL_MspInit
 .text.NMI_Handler
                0x0000000008000f2c        0x6 Core/Src/stm32l4xx_it.o
                0x0000000008000f2c                NMI_Handler
 .text.HardFault_Handler
                0x0000000008000f32        0x6 Core/Src/stm32l4xx_it.o
                0x0000000008000f32                HardFault_Handler
 .text.MemManage_Handler
                0x0000000008000f38        0x6 Core/Src/stm32l4xx_it.o
                0x0000000008000f38                MemManage_Handler
 .text.BusFault_Handler
                0x0000000008000f3e        0x6 Core/Src/stm32l4xx_it.o
                0x0000000008000f3e                BusFault_Handler
 .text.UsageFault_Handler
                0x0000000008000f44        0x6 Core/Src/stm32l4xx_it.o
                0x0000000008000f44                UsageFault_Handler
 .text.SVC_Handler
                0x0000000008000f4a        0xe Core/Src/stm32l4xx_it.o
                0x0000000008000f4a                SVC_Handler
 .text.DebugMon_Handler
                0x0000000008000f58        0xe Core/Src/stm32l4xx_it.o
                0x0000000008000f58                DebugMon_Handler
 .text.PendSV_Handler
                0x0000000008000f66        0xe Core/Src/stm32l4xx_it.o
                0x0000000008000f66                PendSV_Handler
 .text.SysTick_Handler
                0x0000000008000f74        0xc Core/Src/stm32l4xx_it.o
                0x0000000008000f74                SysTick_Handler
 .text.EXTI15_10_IRQHandler
                0x0000000008000f80       0x18 Core/Src/stm32l4xx_it.o
                0x0000000008000f80                EXTI15_10_IRQHandler
 .text.SystemInit
                0x0000000008000f98       0x64 Core/Src/system_stm32l4xx.o
                0x0000000008000f98                SystemInit
 .text.Reset_Handler
                0x0000000008000ffc       0x50 Core/Startup/startup_stm32l433cbtx.o
                0x0000000008000ffc                Reset_Handler
 .text.Default_Handler
                0x000000000800104c        0x2 Core/Startup/startup_stm32l433cbtx.o
                0x000000000800104c                RTC_Alarm_IRQHandler
                0x000000000800104c                EXTI2_IRQHandler
                0x000000000800104c                TIM1_CC_IRQHandler
                0x000000000800104c                TSC_IRQHandler
                0x000000000800104c                TAMP_STAMP_IRQHandler
                0x000000000800104c                EXTI3_IRQHandler
                0x000000000800104c                LPTIM2_IRQHandler
                0x000000000800104c                I2C3_ER_IRQHandler
                0x000000000800104c                EXTI0_IRQHandler
                0x000000000800104c                I2C2_EV_IRQHandler
                0x000000000800104c                CAN1_RX0_IRQHandler
                0x000000000800104c                FPU_IRQHandler
                0x000000000800104c                TIM1_UP_TIM16_IRQHandler
                0x000000000800104c                SPI1_IRQHandler
                0x000000000800104c                TIM6_DAC_IRQHandler
                0x000000000800104c                DMA2_Channel2_IRQHandler
                0x000000000800104c                DMA1_Channel4_IRQHandler
                0x000000000800104c                ADC1_IRQHandler
                0x000000000800104c                USART3_IRQHandler
                0x000000000800104c                DMA1_Channel7_IRQHandler
                0x000000000800104c                CAN1_RX1_IRQHandler
                0x000000000800104c                LCD_IRQHandler
                0x000000000800104c                DMA2_Channel1_IRQHandler
                0x000000000800104c                QUADSPI_IRQHandler
                0x000000000800104c                I2C1_EV_IRQHandler
                0x000000000800104c                DMA1_Channel6_IRQHandler
                0x000000000800104c                DMA2_Channel4_IRQHandler
                0x000000000800104c                RCC_IRQHandler
                0x000000000800104c                TIM1_TRG_COM_IRQHandler
                0x000000000800104c                DMA1_Channel1_IRQHandler
                0x000000000800104c                Default_Handler
                0x000000000800104c                DMA2_Channel7_IRQHandler
                0x000000000800104c                TIM7_IRQHandler
                0x000000000800104c                SDMMC1_IRQHandler
                0x000000000800104c                I2C3_EV_IRQHandler
                0x000000000800104c                USB_IRQHandler
                0x000000000800104c                EXTI9_5_IRQHandler
                0x000000000800104c                RTC_WKUP_IRQHandler
                0x000000000800104c                PVD_PVM_IRQHandler
                0x000000000800104c                SPI2_IRQHandler
                0x000000000800104c                CAN1_TX_IRQHandler
                0x000000000800104c                DMA2_Channel5_IRQHandler
                0x000000000800104c                CRS_IRQHandler
                0x000000000800104c                DMA1_Channel5_IRQHandler
                0x000000000800104c                EXTI4_IRQHandler
                0x000000000800104c                RNG_IRQHandler
                0x000000000800104c                DMA1_Channel3_IRQHandler
                0x000000000800104c                COMP_IRQHandler
                0x000000000800104c                WWDG_IRQHandler
                0x000000000800104c                LPUART1_IRQHandler
                0x000000000800104c                DMA2_Channel6_IRQHandler
                0x000000000800104c                TIM2_IRQHandler
                0x000000000800104c                EXTI1_IRQHandler
                0x000000000800104c                USART2_IRQHandler
                0x000000000800104c                I2C2_ER_IRQHandler
                0x000000000800104c                DMA1_Channel2_IRQHandler
                0x000000000800104c                CAN1_SCE_IRQHandler
                0x000000000800104c                FLASH_IRQHandler
                0x000000000800104c                USART1_IRQHandler
                0x000000000800104c                SPI3_IRQHandler
                0x000000000800104c                I2C1_ER_IRQHandler
                0x000000000800104c                SWPMI1_IRQHandler
                0x000000000800104c                LPTIM1_IRQHandler
                0x000000000800104c                SAI1_IRQHandler
                0x000000000800104c                DMA2_Channel3_IRQHandler
                0x000000000800104c                TIM1_BRK_TIM15_IRQHandler
 .text.HAL_Init
                0x000000000800104e       0x30 Drivers/STM32L4xx_HAL_Driver/Src/stm32l4xx_hal.o
                0x000000000800104e                HAL_Init
 *fill*         0x000000000800107e        0x2 
 .text.HAL_InitTick
                0x0000000008001080       0x78 Drivers/STM32L4xx_HAL_Driver/Src/stm32l4xx_hal.o
                0x0000000008001080                HAL_InitTick
 .text.HAL_IncTick
                0x00000000080010f8       0x28 Drivers/STM32L4xx_HAL_Driver/Src/stm32l4xx_hal.o
                0x00000000080010f8                HAL_IncTick
 .text.HAL_GetTick
                0x0000000008001120       0x18 Drivers/STM32L4xx_HAL_Driver/Src/stm32l4xx_hal.o
                0x0000000008001120                HAL_GetTick
 .text.HAL_Delay
                0x0000000008001138       0x48 Drivers/STM32L4xx_HAL_Driver/Src/stm32l4xx_hal.o
                0x0000000008001138                HAL_Delay
 .text.__NVIC_SetPriorityGrouping
                0x0000000008001180       0x48 Drivers/STM32L4xx_HAL_Driver/Src/stm32l4xx_hal_cortex.o
 .text.__NVIC_GetPriorityGrouping
                0x00000000080011c8       0x1c Drivers/STM32L4xx_HAL_Driver/Src/stm32l4xx_hal_cortex.o
 .text.__NVIC_EnableIRQ
                0x00000000080011e4       0x3c Drivers/STM32L4xx_HAL_Driver/Src/stm32l4xx_hal_cortex.o
 .text.__NVIC_SetPriority
                0x0000000008001220       0x54 Drivers/STM32L4xx_HAL_Driver/Src/stm32l4xx_hal_cortex.o
 .text.NVIC_EncodePriority
                0x0000000008001274       0x66 Drivers/STM32L4xx_HAL_Driver/Src/stm32l4xx_hal_cortex.o
 *fill*         0x00000000080012da        0x2 
 .text.SysTick_Config
                0x00000000080012dc       0x44 Drivers/STM32L4xx_HAL_Driver/Src/stm32l4xx_hal_cortex.o
 .text.HAL_NVIC_SetPriorityGrouping
                0x0000000008001320       0x16 Drivers/STM32L4xx_HAL_Driver/Src/stm32l4xx_hal_cortex.o
                0x0000000008001320                HAL_NVIC_SetPriorityGrouping
 .text.HAL_NVIC_SetPriority
                0x0000000008001336       0x38 Drivers/STM32L4xx_HAL_Driver/Src/stm32l4xx_hal_cortex.o
                0x0000000008001336                HAL_NVIC_SetPriority
 .text.HAL_NVIC_EnableIRQ
                0x000000000800136e       0x1c Drivers/STM32L4xx_HAL_Driver/Src/stm32l4xx_hal_cortex.o
                0x000000000800136e                HAL_NVIC_EnableIRQ
 .text.HAL_SYSTICK_Config
                0x000000000800138a       0x18 Drivers/STM32L4xx_HAL_Driver/Src/stm32l4xx_hal_cortex.o
                0x000000000800138a                HAL_SYSTICK_Config
 *fill*         0x00000000080013a2        0x2 
 .text.HAL_GPIO_Init
                0x00000000080013a4      0x2f4 Drivers/STM32L4xx_HAL_Driver/Src/stm32l4xx_hal_gpio.o
                0x00000000080013a4                HAL_GPIO_Init
 .text.HAL_GPIO_WritePin
                0x0000000008001698       0x30 Drivers/STM32L4xx_HAL_Driver/Src/stm32l4xx_hal_gpio.o
                0x0000000008001698                HAL_GPIO_WritePin
 .text.HAL_GPIO_TogglePin
                0x00000000080016c8       0x34 Drivers/STM32L4xx_HAL_Driver/Src/stm32l4xx_hal_gpio.o
                0x00000000080016c8                HAL_GPIO_TogglePin
 .text.HAL_GPIO_EXTI_IRQHandler
                0x00000000080016fc       0x30 Drivers/STM32L4xx_HAL_Driver/Src/stm32l4xx_hal_gpio.o
                0x00000000080016fc                HAL_GPIO_EXTI_IRQHandler
 .text.HAL_PWREx_GetVoltageRange
                0x000000000800172c       0x1c Drivers/STM32L4xx_HAL_Driver/Src/stm32l4xx_hal_pwr_ex.o
                0x000000000800172c                HAL_PWREx_GetVoltageRange
 .text.HAL_PWREx_ControlVoltageScaling
                0x0000000008001748       0xac Drivers/STM32L4xx_HAL_Driver/Src/stm32l4xx_hal_pwr_ex.o
                0x0000000008001748                HAL_PWREx_ControlVoltageScaling
 .text.HAL_RCC_OscConfig
                0x00000000080017f4      0x840 Drivers/STM32L4xx_HAL_Driver/Src/stm32l4xx_hal_rcc.o
                0x00000000080017f4                HAL_RCC_OscConfig
 .text.HAL_RCC_ClockConfig
                0x0000000008002034      0x1c4 Drivers/STM32L4xx_HAL_Driver/Src/stm32l4xx_hal_rcc.o
                0x0000000008002034                HAL_RCC_ClockConfig
 .text.HAL_RCC_GetSysClockFreq
                0x00000000080021f8      0x118 Drivers/STM32L4xx_HAL_Driver/Src/stm32l4xx_hal_rcc.o
                0x00000000080021f8                HAL_RCC_GetSysClockFreq
 .text.RCC_SetFlashLatencyFromMSIRange
                0x0000000008002310       0xc0 Drivers/STM32L4xx_HAL_Driver/Src/stm32l4xx_hal_rcc.o
 .text.__libc_init_array
                0x00000000080023d0       0x48 e:/st/stm32cubeide_1.6.0/stm32cubeide/plugins/com.st.stm32cube.ide.mcu.externaltools.gnu-tools-for-stm32.9-2020-q2-update.win32_1.5.0.202011040924/tools/bin/../lib/gcc/arm-none-eabi/9.3.1/../../../../arm-none-eabi/lib/thumb/v7e-m+fp/hard\libc_nano.a(lib_a-init.o)
                0x00000000080023d0                __libc_init_array
 .text.memset   0x0000000008002418       0x10 e:/st/stm32cubeide_1.6.0/stm32cubeide/plugins/com.st.stm32cube.ide.mcu.externaltools.gnu-tools-for-stm32.9-2020-q2-update.win32_1.5.0.202011040924/tools/bin/../lib/gcc/arm-none-eabi/9.3.1/../../../../arm-none-eabi/lib/thumb/v7e-m+fp/hard\libc_nano.a(lib_a-memset.o)
                0x0000000008002418                memset
 *(.glue_7)
 .glue_7        0x0000000008002428        0x0 linker stubs
 *(.glue_7t)
 .glue_7t       0x0000000008002428        0x0 linker stubs
 *(.eh_frame)
 .eh_frame      0x0000000008002428        0x0 e:/st/stm32cubeide_1.6.0/stm32cubeide/plugins/com.st.stm32cube.ide.mcu.externaltools.gnu-tools-for-stm32.9-2020-q2-update.win32_1.5.0.202011040924/tools/bin/../lib/gcc/arm-none-eabi/9.3.1/thumb/v7e-m+fp/hard/crtbegin.o
 *(.init)
 .init          0x0000000008002428        0x4 e:/st/stm32cubeide_1.6.0/stm32cubeide/plugins/com.st.stm32cube.ide.mcu.externaltools.gnu-tools-for-stm32.9-2020-q2-update.win32_1.5.0.202011040924/tools/bin/../lib/gcc/arm-none-eabi/9.3.1/thumb/v7e-m+fp/hard/crti.o
                0x0000000008002428                _init
 .init          0x000000000800242c        0x8 e:/st/stm32cubeide_1.6.0/stm32cubeide/plugins/com.st.stm32cube.ide.mcu.externaltools.gnu-tools-for-stm32.9-2020-q2-update.win32_1.5.0.202011040924/tools/bin/../lib/gcc/arm-none-eabi/9.3.1/thumb/v7e-m+fp/hard/crtn.o
 *(.fini)
 .fini          0x0000000008002434        0x4 e:/st/stm32cubeide_1.6.0/stm32cubeide/plugins/com.st.stm32cube.ide.mcu.externaltools.gnu-tools-for-stm32.9-2020-q2-update.win32_1.5.0.202011040924/tools/bin/../lib/gcc/arm-none-eabi/9.3.1/thumb/v7e-m+fp/hard/crti.o
                0x0000000008002434                _fini
 .fini          0x0000000008002438        0x8 e:/st/stm32cubeide_1.6.0/stm32cubeide/plugins/com.st.stm32cube.ide.mcu.externaltools.gnu-tools-for-stm32.9-2020-q2-update.win32_1.5.0.202011040924/tools/bin/../lib/gcc/arm-none-eabi/9.3.1/thumb/v7e-m+fp/hard/crtn.o
                0x0000000008002440                . = ALIGN (0x4)
                0x0000000008002440                _etext = .

.vfp11_veneer   0x0000000008002440        0x0
 .vfp11_veneer  0x0000000008002440        0x0 linker stubs

.v4_bx          0x0000000008002440        0x0
 .v4_bx         0x0000000008002440        0x0 linker stubs

.iplt           0x0000000008002440        0x0
 .iplt          0x0000000008002440        0x0 e:/st/stm32cubeide_1.6.0/stm32cubeide/plugins/com.st.stm32cube.ide.mcu.externaltools.gnu-tools-for-stm32.9-2020-q2-update.win32_1.5.0.202011040924/tools/bin/../lib/gcc/arm-none-eabi/9.3.1/thumb/v7e-m+fp/hard/crtbegin.o

.rodata         0x0000000008002440       0x40
                0x0000000008002440                . = ALIGN (0x4)
 *(.rodata)
 *(.rodata*)
 .rodata.AHBPrescTable
                0x0000000008002440       0x10 Core/Src/system_stm32l4xx.o
                0x0000000008002440                AHBPrescTable
 .rodata.MSIRangeTable
                0x0000000008002450       0x30 Core/Src/system_stm32l4xx.o
                0x0000000008002450                MSIRangeTable
                0x0000000008002480                . = ALIGN (0x4)

.rel.dyn        0x0000000008002480        0x0
 .rel.iplt      0x0000000008002480        0x0 e:/st/stm32cubeide_1.6.0/stm32cubeide/plugins/com.st.stm32cube.ide.mcu.externaltools.gnu-tools-for-stm32.9-2020-q2-update.win32_1.5.0.202011040924/tools/bin/../lib/gcc/arm-none-eabi/9.3.1/thumb/v7e-m+fp/hard/crtbegin.o

.ARM.extab      0x0000000008002480        0x0
                0x0000000008002480                . = ALIGN (0x4)
 *(.ARM.extab* .gnu.linkonce.armextab.*)
                0x0000000008002480                . = ALIGN (0x4)

.ARM            0x0000000008002480        0x0
                0x0000000008002480                . = ALIGN (0x4)
                0x0000000008002480                __exidx_start = .
 *(.ARM.exidx*)
                0x0000000008002480                __exidx_end = .
                0x0000000008002480                . = ALIGN (0x4)

.preinit_array  0x0000000008002480        0x0
                0x0000000008002480                . = ALIGN (0x4)
                0x0000000008002480                PROVIDE (__preinit_array_start = .)
 *(.preinit_array*)
                0x0000000008002480                PROVIDE (__preinit_array_end = .)
                0x0000000008002480                . = ALIGN (0x4)

.init_array     0x0000000008002480        0x4
                0x0000000008002480                . = ALIGN (0x4)
                0x0000000008002480                PROVIDE (__init_array_start = .)
 *(SORT_BY_NAME(.init_array.*))
 *(.init_array*)
 .init_array    0x0000000008002480        0x4 e:/st/stm32cubeide_1.6.0/stm32cubeide/plugins/com.st.stm32cube.ide.mcu.externaltools.gnu-tools-for-stm32.9-2020-q2-update.win32_1.5.0.202011040924/tools/bin/../lib/gcc/arm-none-eabi/9.3.1/thumb/v7e-m+fp/hard/crtbegin.o
                0x0000000008002484                PROVIDE (__init_array_end = .)
                0x0000000008002484                . = ALIGN (0x4)

.fini_array     0x0000000008002484        0x4
                0x0000000008002484                . = ALIGN (0x4)
                [!provide]                        PROVIDE (__fini_array_start = .)
 *(SORT_BY_NAME(.fini_array.*))
 *(.fini_array*)
 .fini_array    0x0000000008002484        0x4 e:/st/stm32cubeide_1.6.0/stm32cubeide/plugins/com.st.stm32cube.ide.mcu.externaltools.gnu-tools-for-stm32.9-2020-q2-update.win32_1.5.0.202011040924/tools/bin/../lib/gcc/arm-none-eabi/9.3.1/thumb/v7e-m+fp/hard/crtbegin.o
                [!provide]                        PROVIDE (__fini_array_end = .)
                0x0000000008002488                . = ALIGN (0x4)
                0x0000000008002488                _sidata = LOADADDR (.data)

.data           0x0000000020000000        0xc load address 0x0000000008002488
                0x0000000020000000                . = ALIGN (0x4)
                0x0000000020000000                _sdata = .
 *(.data)
 *(.data*)
 .data.SystemCoreClock
                0x0000000020000000        0x4 Core/Src/system_stm32l4xx.o
                0x0000000020000000                SystemCoreClock
 .data.uwTickPrio
                0x0000000020000004        0x4 Drivers/STM32L4xx_HAL_Driver/Src/stm32l4xx_hal.o
                0x0000000020000004                uwTickPrio
 .data.uwTickFreq
                0x0000000020000008        0x1 Drivers/STM32L4xx_HAL_Driver/Src/stm32l4xx_hal.o
                0x0000000020000008                uwTickFreq
 *(.RamFunc)
 *(.RamFunc*)
                0x000000002000000c                . = ALIGN (0x4)
 *fill*         0x0000000020000009        0x3 
                0x000000002000000c                _edata = .

.igot.plt       0x000000002000000c        0x0 load address 0x0000000008002494
 .igot.plt      0x000000002000000c        0x0 e:/st/stm32cubeide_1.6.0/stm32cubeide/plugins/com.st.stm32cube.ide.mcu.externaltools.gnu-tools-for-stm32.9-2020-q2-update.win32_1.5.0.202011040924/tools/bin/../lib/gcc/arm-none-eabi/9.3.1/thumb/v7e-m+fp/hard/crtbegin.o
                0x000000002000000c                . = ALIGN (0x4)

.bss            0x000000002000000c       0x24 load address 0x0000000008002494
                0x000000002000000c                _sbss = .
                0x000000002000000c                __bss_start__ = _sbss
 *(.bss)
 .bss           0x000000002000000c       0x1c e:/st/stm32cubeide_1.6.0/stm32cubeide/plugins/com.st.stm32cube.ide.mcu.externaltools.gnu-tools-for-stm32.9-2020-q2-update.win32_1.5.0.202011040924/tools/bin/../lib/gcc/arm-none-eabi/9.3.1/thumb/v7e-m+fp/hard/crtbegin.o
 *(.bss*)
 .bss.step.8006
                0x0000000020000028        0x1 Core/Src/gpio.o
 *(COMMON)
 *fill*         0x0000000020000029        0x3 
 COMMON         0x000000002000002c        0x4 Drivers/STM32L4xx_HAL_Driver/Src/stm32l4xx_hal.o
                0x000000002000002c                uwTick
                0x0000000020000030                . = ALIGN (0x4)
                0x0000000020000030                _ebss = .
                0x0000000020000030                __bss_end__ = _ebss

._user_heap_stack
                0x0000000020000030      0x600 load address 0x0000000008002494
                0x0000000020000030                . = ALIGN (0x8)
                [!provide]                        PROVIDE (end = .)
                0x0000000020000030                PROVIDE (_end = .)
                0x0000000020000230                . = (. + _Min_Heap_Size)
 *fill*         0x0000000020000030      0x200 
                0x0000000020000630                . = (. + _Min_Stack_Size)
 *fill*         0x0000000020000230      0x400 
                0x0000000020000630                . = ALIGN (0x8)

/DISCARD/
 libc.a(*)
 libm.a(*)
 libgcc.a(*)

.ARM.attributes
                0x0000000000000000       0x30
 *(.ARM.attributes)
 .ARM.attributes
                0x0000000000000000       0x1e e:/st/stm32cubeide_1.6.0/stm32cubeide/plugins/com.st.stm32cube.ide.mcu.externaltools.gnu-tools-for-stm32.9-2020-q2-update.win32_1.5.0.202011040924/tools/bin/../lib/gcc/arm-none-eabi/9.3.1/thumb/v7e-m+fp/hard/crti.o
 .ARM.attributes
                0x000000000000001e       0x34 e:/st/stm32cubeide_1.6.0/stm32cubeide/plugins/com.st.stm32cube.ide.mcu.externaltools.gnu-tools-for-stm32.9-2020-q2-update.win32_1.5.0.202011040924/tools/bin/../lib/gcc/arm-none-eabi/9.3.1/thumb/v7e-m+fp/hard/crtbegin.o
 .ARM.attributes
                0x0000000000000052       0x34 Core/Src/gpio.o
 .ARM.attributes
                0x0000000000000086       0x34 Core/Src/main.o
 .ARM.attributes
                0x00000000000000ba       0x34 Core/Src/stm32l4xx_hal_msp.o
 .ARM.attributes
                0x00000000000000ee       0x34 Core/Src/stm32l4xx_it.o
 .ARM.attributes
                0x0000000000000122       0x34 Core/Src/system_stm32l4xx.o
 .ARM.attributes
                0x0000000000000156       0x21 Core/Startup/startup_stm32l433cbtx.o
 .ARM.attributes
                0x0000000000000177       0x34 Drivers/STM32L4xx_HAL_Driver/Src/stm32l4xx_hal.o
 .ARM.attributes
                0x00000000000001ab       0x34 Drivers/STM32L4xx_HAL_Driver/Src/stm32l4xx_hal_cortex.o
 .ARM.attributes
                0x00000000000001df       0x34 Drivers/STM32L4xx_HAL_Driver/Src/stm32l4xx_hal_gpio.o
 .ARM.attributes
                0x0000000000000213       0x34 Drivers/STM32L4xx_HAL_Driver/Src/stm32l4xx_hal_pwr_ex.o
 .ARM.attributes
                0x0000000000000247       0x34 Drivers/STM32L4xx_HAL_Driver/Src/stm32l4xx_hal_rcc.o
 .ARM.attributes
                0x000000000000027b       0x34 e:/st/stm32cubeide_1.6.0/stm32cubeide/plugins/com.st.stm32cube.ide.mcu.externaltools.gnu-tools-for-stm32.9-2020-q2-update.win32_1.5.0.202011040924/tools/bin/../lib/gcc/arm-none-eabi/9.3.1/../../../../arm-none-eabi/lib/thumb/v7e-m+fp/hard\libc_nano.a(lib_a-init.o)
 .ARM.attributes
                0x00000000000002af       0x34 e:/st/stm32cubeide_1.6.0/stm32cubeide/plugins/com.st.stm32cube.ide.mcu.externaltools.gnu-tools-for-stm32.9-2020-q2-update.win32_1.5.0.202011040924/tools/bin/../lib/gcc/arm-none-eabi/9.3.1/../../../../arm-none-eabi/lib/thumb/v7e-m+fp/hard\libc_nano.a(lib_a-memset.o)
 .ARM.attributes
                0x00000000000002e3       0x1e e:/st/stm32cubeide_1.6.0/stm32cubeide/plugins/com.st.stm32cube.ide.mcu.externaltools.gnu-tools-for-stm32.9-2020-q2-update.win32_1.5.0.202011040924/tools/bin/../lib/gcc/arm-none-eabi/9.3.1/thumb/v7e-m+fp/hard\libgcc.a(_arm_addsubdf3.o)
 .ARM.attributes
                0x0000000000000301       0x1e e:/st/stm32cubeide_1.6.0/stm32cubeide/plugins/com.st.stm32cube.ide.mcu.externaltools.gnu-tools-for-stm32.9-2020-q2-update.win32_1.5.0.202011040924/tools/bin/../lib/gcc/arm-none-eabi/9.3.1/thumb/v7e-m+fp/hard\libgcc.a(_arm_muldivdf3.o)
 .ARM.attributes
                0x000000000000031f       0x1e e:/st/stm32cubeide_1.6.0/stm32cubeide/plugins/com.st.stm32cube.ide.mcu.externaltools.gnu-tools-for-stm32.9-2020-q2-update.win32_1.5.0.202011040924/tools/bin/../lib/gcc/arm-none-eabi/9.3.1/thumb/v7e-m+fp/hard\libgcc.a(_arm_fixdfsi.o)
 .ARM.attributes
                0x000000000000033d       0x1e e:/st/stm32cubeide_1.6.0/stm32cubeide/plugins/com.st.stm32cube.ide.mcu.externaltools.gnu-tools-for-stm32.9-2020-q2-update.win32_1.5.0.202011040924/tools/bin/../lib/gcc/arm-none-eabi/9.3.1/thumb/v7e-m+fp/hard/crtn.o
OUTPUT(KE1_GPIO.elf elf32-littlearm)
LOAD linker stubs
LOAD e:/st/stm32cubeide_1.6.0/stm32cubeide/plugins/com.st.stm32cube.ide.mcu.externaltools.gnu-tools-for-stm32.9-2020-q2-update.win32_1.5.0.202011040924/tools/bin/../lib/gcc/arm-none-eabi/9.3.1/../../../../arm-none-eabi/lib/thumb/v7e-m+fp/hard\libc.a
LOAD e:/st/stm32cubeide_1.6.0/stm32cubeide/plugins/com.st.stm32cube.ide.mcu.externaltools.gnu-tools-for-stm32.9-2020-q2-update.win32_1.5.0.202011040924/tools/bin/../lib/gcc/arm-none-eabi/9.3.1/../../../../arm-none-eabi/lib/thumb/v7e-m+fp/hard\libm.a
LOAD e:/st/stm32cubeide_1.6.0/stm32cubeide/plugins/com.st.stm32cube.ide.mcu.externaltools.gnu-tools-for-stm32.9-2020-q2-update.win32_1.5.0.202011040924/tools/bin/../lib/gcc/arm-none-eabi/9.3.1/thumb/v7e-m+fp/hard\libgcc.a

.debug_info     0x0000000000000000     0x5ebc
 .debug_info    0x0000000000000000      0x971 Core/Src/gpio.o
 .debug_info    0x0000000000000971      0x4e2 Core/Src/main.o
 .debug_info    0x0000000000000e53      0x553 Core/Src/stm32l4xx_hal_msp.o
 .debug_info    0x00000000000013a6      0x39d Core/Src/stm32l4xx_it.o
 .debug_info    0x0000000000001743      0x787 Core/Src/system_stm32l4xx.o
 .debug_info    0x0000000000001eca       0x22 Core/Startup/startup_stm32l433cbtx.o
 .debug_info    0x0000000000001eec      0xc6d Drivers/STM32L4xx_HAL_Driver/Src/stm32l4xx_hal.o
 .debug_info    0x0000000000002b59      0xfd4 Drivers/STM32L4xx_HAL_Driver/Src/stm32l4xx_hal_cortex.o
 .debug_info    0x0000000000003b2d      0xa5f Drivers/STM32L4xx_HAL_Driver/Src/stm32l4xx_hal_gpio.o
 .debug_info    0x000000000000458c      0xb7b Drivers/STM32L4xx_HAL_Driver/Src/stm32l4xx_hal_pwr_ex.o
 .debug_info    0x0000000000005107      0xdb5 Drivers/STM32L4xx_HAL_Driver/Src/stm32l4xx_hal_rcc.o

.debug_abbrev   0x0000000000000000     0x125e
 .debug_abbrev  0x0000000000000000      0x1af Core/Src/gpio.o
 .debug_abbrev  0x00000000000001af      0x156 Core/Src/main.o
 .debug_abbrev  0x0000000000000305      0x13d Core/Src/stm32l4xx_hal_msp.o
 .debug_abbrev  0x0000000000000442       0xf2 Core/Src/stm32l4xx_it.o
 .debug_abbrev  0x0000000000000534      0x165 Core/Src/system_stm32l4xx.o
 .debug_abbrev  0x0000000000000699       0x12 Core/Startup/startup_stm32l433cbtx.o
 .debug_abbrev  0x00000000000006ab      0x227 Drivers/STM32L4xx_HAL_Driver/Src/stm32l4xx_hal.o
 .debug_abbrev  0x00000000000008d2      0x33c Drivers/STM32L4xx_HAL_Driver/Src/stm32l4xx_hal_cortex.o
 .debug_abbrev  0x0000000000000c0e      0x1e8 Drivers/STM32L4xx_HAL_Driver/Src/stm32l4xx_hal_gpio.o
 .debug_abbrev  0x0000000000000df6      0x1f3 Drivers/STM32L4xx_HAL_Driver/Src/stm32l4xx_hal_pwr_ex.o
 .debug_abbrev  0x0000000000000fe9      0x275 Drivers/STM32L4xx_HAL_Driver/Src/stm32l4xx_hal_rcc.o

.debug_aranges  0x0000000000000000      0x598
 .debug_aranges
                0x0000000000000000       0x40 Core/Src/gpio.o
 .debug_aranges
                0x0000000000000040       0x30 Core/Src/main.o
 .debug_aranges
                0x0000000000000070       0x20 Core/Src/stm32l4xx_hal_msp.o
 .debug_aranges
                0x0000000000000090       0x68 Core/Src/stm32l4xx_it.o
 .debug_aranges
                0x00000000000000f8       0x28 Core/Src/system_stm32l4xx.o
 .debug_aranges
                0x0000000000000120       0x28 Core/Startup/startup_stm32l433cbtx.o
 .debug_aranges
                0x0000000000000148      0x130 Drivers/STM32L4xx_HAL_Driver/Src/stm32l4xx_hal.o
 .debug_aranges
                0x0000000000000278      0x118 Drivers/STM32L4xx_HAL_Driver/Src/stm32l4xx_hal_cortex.o
 .debug_aranges
                0x0000000000000390       0x58 Drivers/STM32L4xx_HAL_Driver/Src/stm32l4xx_hal_gpio.o
 .debug_aranges
                0x00000000000003e8      0x128 Drivers/STM32L4xx_HAL_Driver/Src/stm32l4xx_hal_pwr_ex.o
 .debug_aranges
                0x0000000000000510       0x88 Drivers/STM32L4xx_HAL_Driver/Src/stm32l4xx_hal_rcc.o

.debug_ranges   0x0000000000000000      0x4f0
 .debug_ranges  0x0000000000000000       0x30 Core/Src/gpio.o
 .debug_ranges  0x0000000000000030       0x20 Core/Src/main.o
 .debug_ranges  0x0000000000000050       0x10 Core/Src/stm32l4xx_hal_msp.o
 .debug_ranges  0x0000000000000060       0x58 Core/Src/stm32l4xx_it.o
 .debug_ranges  0x00000000000000b8       0x18 Core/Src/system_stm32l4xx.o
 .debug_ranges  0x00000000000000d0       0x20 Core/Startup/startup_stm32l433cbtx.o
 .debug_ranges  0x00000000000000f0      0x120 Drivers/STM32L4xx_HAL_Driver/Src/stm32l4xx_hal.o
 .debug_ranges  0x0000000000000210      0x108 Drivers/STM32L4xx_HAL_Driver/Src/stm32l4xx_hal_cortex.o
 .debug_ranges  0x0000000000000318       0x48 Drivers/STM32L4xx_HAL_Driver/Src/stm32l4xx_hal_gpio.o
 .debug_ranges  0x0000000000000360      0x118 Drivers/STM32L4xx_HAL_Driver/Src/stm32l4xx_hal_pwr_ex.o
 .debug_ranges  0x0000000000000478       0x78 Drivers/STM32L4xx_HAL_Driver/Src/stm32l4xx_hal_rcc.o

.debug_macro    0x0000000000000000    0x20311
 .debug_macro   0x0000000000000000      0x1cf Core/Src/gpio.o
 .debug_macro   0x00000000000001cf      0xaa8 Core/Src/gpio.o
 .debug_macro   0x0000000000000c77      0x1a1 Core/Src/gpio.o
 .debug_macro   0x0000000000000e18       0x2e Core/Src/gpio.o
 .debug_macro   0x0000000000000e46       0x28 Core/Src/gpio.o
 .debug_macro   0x0000000000000e6e       0x22 Core/Src/gpio.o
 .debug_macro   0x0000000000000e90       0x8e Core/Src/gpio.o
 .debug_macro   0x0000000000000f1e       0x51 Core/Src/gpio.o
 .debug_macro   0x0000000000000f6f      0x103 Core/Src/gpio.o
 .debug_macro   0x0000000000001072       0x6a Core/Src/gpio.o
 .debug_macro   0x00000000000010dc      0x1df Core/Src/gpio.o
 .debug_macro   0x00000000000012bb       0x1c Core/Src/gpio.o
 .debug_macro   0x00000000000012d7       0x22 Core/Src/gpio.o
 .debug_macro   0x00000000000012f9      0x101 Core/Src/gpio.o
 .debug_macro   0x00000000000013fa     0x1011 Core/Src/gpio.o
 .debug_macro   0x000000000000240b      0x11f Core/Src/gpio.o
 .debug_macro   0x000000000000252a    0x1614c Core/Src/gpio.o
 .debug_macro   0x0000000000018676       0x43 Core/Src/gpio.o
 .debug_macro   0x00000000000186b9     0x3897 Core/Src/gpio.o
 .debug_macro   0x000000000001bf50      0x174 Core/Src/gpio.o
 .debug_macro   0x000000000001c0c4       0x5c Core/Src/gpio.o
 .debug_macro   0x000000000001c120     0x1375 Core/Src/gpio.o
 .debug_macro   0x000000000001d495      0x5d6 Core/Src/gpio.o
 .debug_macro   0x000000000001da6b      0x13d Core/Src/gpio.o
 .debug_macro   0x000000000001dba8      0x130 Core/Src/gpio.o
 .debug_macro   0x000000000001dcd8      0x26b Core/Src/gpio.o
 .debug_macro   0x000000000001df43      0x23d Core/Src/gpio.o
 .debug_macro   0x000000000001e180      0x241 Core/Src/gpio.o
 .debug_macro   0x000000000001e3c1      0x375 Core/Src/gpio.o
 .debug_macro   0x000000000001e736       0xd6 Core/Src/gpio.o
 .debug_macro   0x000000000001e80c      0x22c Core/Src/gpio.o
 .debug_macro   0x000000000001ea38       0x61 Core/Src/gpio.o
 .debug_macro   0x000000000001ea99       0xa5 Core/Src/gpio.o
 .debug_macro   0x000000000001eb3e      0x122 Core/Src/gpio.o
 .debug_macro   0x000000000001ec60      0x365 Core/Src/gpio.o
 .debug_macro   0x000000000001efc5      0x26e Core/Src/gpio.o
 .debug_macro   0x000000000001f233       0x34 Core/Src/gpio.o
 .debug_macro   0x000000000001f267       0x34 Core/Src/gpio.o
 .debug_macro   0x000000000001f29b      0x1d3 Core/Src/main.o
 .debug_macro   0x000000000001f46e      0x1c0 Core/Src/stm32l4xx_hal_msp.o
 .debug_macro   0x000000000001f62e      0x1ca Core/Src/stm32l4xx_it.o
 .debug_macro   0x000000000001f7f8      0x1b1 Core/Src/system_stm32l4xx.o
 .debug_macro   0x000000000001f9a9      0x1ff Drivers/STM32L4xx_HAL_Driver/Src/stm32l4xx_hal.o
 .debug_macro   0x000000000001fba8      0x1b1 Drivers/STM32L4xx_HAL_Driver/Src/stm32l4xx_hal_cortex.o
 .debug_macro   0x000000000001fd59      0x1f0 Drivers/STM32L4xx_HAL_Driver/Src/stm32l4xx_hal_gpio.o
 .debug_macro   0x000000000001ff49      0x1d5 Drivers/STM32L4xx_HAL_Driver/Src/stm32l4xx_hal_pwr_ex.o
 .debug_macro   0x000000000002011e      0x1f3 Drivers/STM32L4xx_HAL_Driver/Src/stm32l4xx_hal_rcc.o

.debug_line     0x0000000000000000     0x60b3
 .debug_line    0x0000000000000000      0x7e2 Core/Src/gpio.o
 .debug_line    0x00000000000007e2      0x714 Core/Src/main.o
 .debug_line    0x0000000000000ef6      0x695 Core/Src/stm32l4xx_hal_msp.o
 .debug_line    0x000000000000158b      0x770 Core/Src/stm32l4xx_it.o
 .debug_line    0x0000000000001cfb      0x745 Core/Src/system_stm32l4xx.o
 .debug_line    0x0000000000002440       0x87 Core/Startup/startup_stm32l433cbtx.o
 .debug_line    0x00000000000024c7      0xa84 Drivers/STM32L4xx_HAL_Driver/Src/stm32l4xx_hal.o
 .debug_line    0x0000000000002f4b      0xc2b Drivers/STM32L4xx_HAL_Driver/Src/stm32l4xx_hal_cortex.o
 .debug_line    0x0000000000003b76      0xaa8 Drivers/STM32L4xx_HAL_Driver/Src/stm32l4xx_hal_gpio.o
 .debug_line    0x000000000000461e      0xb8b Drivers/STM32L4xx_HAL_Driver/Src/stm32l4xx_hal_pwr_ex.o
 .debug_line    0x00000000000051a9      0xf0a Drivers/STM32L4xx_HAL_Driver/Src/stm32l4xx_hal_rcc.o

.debug_str      0x0000000000000000    0xc3084
 .debug_str     0x0000000000000000    0xc1988 Core/Src/gpio.o
                                      0xc1cab (size before relaxing)
 .debug_str     0x00000000000c1988      0x1b1 Core/Src/main.o
                                      0xc17d7 (size before relaxing)
 .debug_str     0x00000000000c1b39       0x2c Core/Src/stm32l4xx_hal_msp.o
                                      0xc153c (size before relaxing)
 .debug_str     0x00000000000c1b65       0xd2 Core/Src/stm32l4xx_it.o
                                      0xc14a3 (size before relaxing)
 .debug_str     0x00000000000c1c37       0xb8 Core/Src/system_stm32l4xx.o
                                      0xc14f9 (size before relaxing)
 .debug_str     0x00000000000c1cef       0x36 Core/Startup/startup_stm32l433cbtx.o
                                         0x65 (size before relaxing)
 .debug_str     0x00000000000c1d25      0x5c0 Drivers/STM32L4xx_HAL_Driver/Src/stm32l4xx_hal.o
                                      0xc1f27 (size before relaxing)
 .debug_str     0x00000000000c22e5      0x395 Drivers/STM32L4xx_HAL_Driver/Src/stm32l4xx_hal_cortex.o
                                      0xc1c94 (size before relaxing)
 .debug_str     0x00000000000c267a      0x21b Drivers/STM32L4xx_HAL_Driver/Src/stm32l4xx_hal_gpio.o
                                      0xc178e (size before relaxing)
 .debug_str     0x00000000000c2895      0x45a Drivers/STM32L4xx_HAL_Driver/Src/stm32l4xx_hal_pwr_ex.o
                                      0xc19b7 (size before relaxing)
 .debug_str     0x00000000000c2cef      0x395 Drivers/STM32L4xx_HAL_Driver/Src/stm32l4xx_hal_rcc.o
                                      0xc1a90 (size before relaxing)

.comment        0x0000000000000000       0x53
 .comment       0x0000000000000000       0x53 Core/Src/gpio.o
                                         0x54 (size before relaxing)
 .comment       0x0000000000000053       0x54 Core/Src/main.o
 .comment       0x0000000000000053       0x54 Core/Src/stm32l4xx_hal_msp.o
 .comment       0x0000000000000053       0x54 Core/Src/stm32l4xx_it.o
 .comment       0x0000000000000053       0x54 Core/Src/system_stm32l4xx.o
 .comment       0x0000000000000053       0x54 Drivers/STM32L4xx_HAL_Driver/Src/stm32l4xx_hal.o
 .comment       0x0000000000000053       0x54 Drivers/STM32L4xx_HAL_Driver/Src/stm32l4xx_hal_cortex.o
 .comment       0x0000000000000053       0x54 Drivers/STM32L4xx_HAL_Driver/Src/stm32l4xx_hal_gpio.o
 .comment       0x0000000000000053       0x54 Drivers/STM32L4xx_HAL_Driver/Src/stm32l4xx_hal_pwr_ex.o
 .comment       0x0000000000000053       0x54 Drivers/STM32L4xx_HAL_Driver/Src/stm32l4xx_hal_rcc.o

.debug_frame    0x0000000000000000     0x1558
 .debug_frame   0x0000000000000000       0xc0 Core/Src/gpio.o
 .debug_frame   0x00000000000000c0       0x68 Core/Src/main.o
 .debug_frame   0x0000000000000128       0x38 Core/Src/stm32l4xx_hal_msp.o
 .debug_frame   0x0000000000000160      0x120 Core/Src/stm32l4xx_it.o
 .debug_frame   0x0000000000000280       0x58 Core/Src/system_stm32l4xx.o
 .debug_frame   0x00000000000002d8      0x498 Drivers/STM32L4xx_HAL_Driver/Src/stm32l4xx_hal.o
 .debug_frame   0x0000000000000770      0x498 Drivers/STM32L4xx_HAL_Driver/Src/stm32l4xx_hal_cortex.o
 .debug_frame   0x0000000000000c08      0x14c Drivers/STM32L4xx_HAL_Driver/Src/stm32l4xx_hal_gpio.o
 .debug_frame   0x0000000000000d54      0x4a4 Drivers/STM32L4xx_HAL_Driver/Src/stm32l4xx_hal_pwr_ex.o
 .debug_frame   0x00000000000011f8      0x1f4 Drivers/STM32L4xx_HAL_Driver/Src/stm32l4xx_hal_rcc.o
 .debug_frame   0x00000000000013ec       0x2c e:/st/stm32cubeide_1.6.0/stm32cubeide/plugins/com.st.stm32cube.ide.mcu.externaltools.gnu-tools-for-stm32.9-2020-q2-update.win32_1.5.0.202011040924/tools/bin/../lib/gcc/arm-none-eabi/9.3.1/../../../../arm-none-eabi/lib/thumb/v7e-m+fp/hard\libc_nano.a(lib_a-init.o)
 .debug_frame   0x0000000000001418       0x20 e:/st/stm32cubeide_1.6.0/stm32cubeide/plugins/com.st.stm32cube.ide.mcu.externaltools.gnu-tools-for-stm32.9-2020-q2-update.win32_1.5.0.202011040924/tools/bin/../lib/gcc/arm-none-eabi/9.3.1/../../../../arm-none-eabi/lib/thumb/v7e-m+fp/hard\libc_nano.a(lib_a-memset.o)
 .debug_frame   0x0000000000001438       0xac e:/st/stm32cubeide_1.6.0/stm32cubeide/plugins/com.st.stm32cube.ide.mcu.externaltools.gnu-tools-for-stm32.9-2020-q2-update.win32_1.5.0.202011040924/tools/bin/../lib/gcc/arm-none-eabi/9.3.1/thumb/v7e-m+fp/hard\libgcc.a(_arm_addsubdf3.o)
 .debug_frame   0x00000000000014e4       0x50 e:/st/stm32cubeide_1.6.0/stm32cubeide/plugins/com.st.stm32cube.ide.mcu.externaltools.gnu-tools-for-stm32.9-2020-q2-update.win32_1.5.0.202011040924/tools/bin/../lib/gcc/arm-none-eabi/9.3.1/thumb/v7e-m+fp/hard\libgcc.a(_arm_muldivdf3.o)
 .debug_frame   0x0000000000001534       0x24 e:/st/stm32cubeide_1.6.0/stm32cubeide/plugins/com.st.stm32cube.ide.mcu.externaltools.gnu-tools-for-stm32.9-2020-q2-update.win32_1.5.0.202011040924/tools/bin/../lib/gcc/arm-none-eabi/9.3.1/thumb/v7e-m+fp/hard\libgcc.a(_arm_fixdfsi.o)
